17:09:04 **** Incremental Build of configuration Debug for project WiFiKeyboard ****
make -j4 all 
arm-none-eabi-size   WiFiKeyboard.elf 
   text	   data	    bss	    dec	    hex	filename
  14320	    152	   3376	  17848	   45b8	WiFiKeyboard.elf
Finished building: default.size.stdout
 
17:09:06 **** Incremental Build of configuration Debug for project WiFiKeyboard ****
make -j4 all 
arm-none-eabi-size   WiFiKeyboard.elf 
   text	   data	    bss	    dec	    hex	filename
  14320	    152	   3376	  17848	   45b8	WiFiKeyboard.elf
Finished building: default.size.stdout
 
